build	UNKNOWN STEP	ï»¿2025-10-17T02:03:10.5601458Z Current runner version: '2.328.0'
build	UNKNOWN STEP	2025-10-17T02:03:10.5623808Z ##[group]Runner Image Provisioner
build	UNKNOWN STEP	2025-10-17T02:03:10.5624595Z Hosted Compute Agent
build	UNKNOWN STEP	2025-10-17T02:03:10.5625173Z Version: 20250912.392
build	UNKNOWN STEP	2025-10-17T02:03:10.5625716Z Commit: d921fda672a98b64f4f82364647e2f10b2267d0b
build	UNKNOWN STEP	2025-10-17T02:03:10.5626385Z Build Date: 2025-09-12T15:23:14Z
build	UNKNOWN STEP	2025-10-17T02:03:10.5626925Z ##[endgroup]
build	UNKNOWN STEP	2025-10-17T02:03:10.5627446Z ##[group]Operating System
build	UNKNOWN STEP	2025-10-17T02:03:10.5628238Z Ubuntu
build	UNKNOWN STEP	2025-10-17T02:03:10.5628679Z 24.04.3
build	UNKNOWN STEP	2025-10-17T02:03:10.5629126Z LTS
build	UNKNOWN STEP	2025-10-17T02:03:10.5629507Z ##[endgroup]
build	UNKNOWN STEP	2025-10-17T02:03:10.5630000Z ##[group]Runner Image
build	UNKNOWN STEP	2025-10-17T02:03:10.5630498Z Image: ubuntu-24.04
build	UNKNOWN STEP	2025-10-17T02:03:10.5630952Z Version: 20250929.60.1
build	UNKNOWN STEP	2025-10-17T02:03:10.5631904Z Included Software: https://github.com/actions/runner-images/blob/ubuntu24/20250929.60/images/ubuntu/Ubuntu2404-Readme.md
build	UNKNOWN STEP	2025-10-17T02:03:10.5633337Z Image Release: https://github.com/actions/runner-images/releases/tag/ubuntu24%2F20250929.60
build	UNKNOWN STEP	2025-10-17T02:03:10.5634238Z ##[endgroup]
build	UNKNOWN STEP	2025-10-17T02:03:10.5635180Z ##[group]GITHUB_TOKEN Permissions
build	UNKNOWN STEP	2025-10-17T02:03:10.5637015Z Contents: write
build	UNKNOWN STEP	2025-10-17T02:03:10.5637465Z Metadata: read
build	UNKNOWN STEP	2025-10-17T02:03:10.5638059Z ##[endgroup]
build	UNKNOWN STEP	2025-10-17T02:03:10.5639986Z Secret source: Actions
build	UNKNOWN STEP	2025-10-17T02:03:10.5640653Z Prepare workflow directory
build	UNKNOWN STEP	2025-10-17T02:03:10.5941436Z Prepare all required actions
build	UNKNOWN STEP	2025-10-17T02:03:10.5980545Z Getting action download info
build	UNKNOWN STEP	2025-10-17T02:03:10.9801119Z Download action repository 'actions/checkout@v3' (SHA:f43a0e5ff2bd294095638e18286ca9a3d1956744)
build	UNKNOWN STEP	2025-10-17T02:03:11.1753929Z Download action repository 'actions/cache@v3' (SHA:6f8efc29b200d32929f49075959781ed54ec270c)
build	UNKNOWN STEP	2025-10-17T02:03:11.2963485Z Download action repository 'softprops/action-gh-release@v2' (SHA:6da8fa9354ddfdc4aeace5fc48d7f679b5214090)
build	UNKNOWN STEP	2025-10-17T02:03:11.9411442Z Complete job name: build
build	UNKNOWN STEP	2025-10-17T02:03:12.0166689Z ##[group]Run actions/checkout@v3
build	UNKNOWN STEP	2025-10-17T02:03:12.0167700Z with:
build	UNKNOWN STEP	2025-10-17T02:03:12.0168174Z   repository: Dmitry-akva/kontrollerakva
build	UNKNOWN STEP	2025-10-17T02:03:12.0169060Z   token: ***
build	UNKNOWN STEP	2025-10-17T02:03:12.0169537Z   ssh-strict: true
build	UNKNOWN STEP	2025-10-17T02:03:12.0169987Z   persist-credentials: true
build	UNKNOWN STEP	2025-10-17T02:03:12.0170532Z   clean: true
build	UNKNOWN STEP	2025-10-17T02:03:12.0170966Z   sparse-checkout-cone-mode: true
build	UNKNOWN STEP	2025-10-17T02:03:12.0171503Z   fetch-depth: 1
build	UNKNOWN STEP	2025-10-17T02:03:12.0171935Z   fetch-tags: false
build	UNKNOWN STEP	2025-10-17T02:03:12.0172421Z   lfs: false
build	UNKNOWN STEP	2025-10-17T02:03:12.0172825Z   submodules: false
build	UNKNOWN STEP	2025-10-17T02:03:12.0173270Z   set-safe-directory: true
build	UNKNOWN STEP	2025-10-17T02:03:12.0174007Z ##[endgroup]
build	UNKNOWN STEP	2025-10-17T02:03:12.0967786Z Syncing repository: Dmitry-akva/kontrollerakva
build	UNKNOWN STEP	2025-10-17T02:03:12.0969703Z ##[group]Getting Git version info
build	UNKNOWN STEP	2025-10-17T02:03:12.0970526Z Working directory is '/home/runner/work/kontrollerakva/kontrollerakva'
build	UNKNOWN STEP	2025-10-17T02:03:12.0971620Z [command]/usr/bin/git version
build	UNKNOWN STEP	2025-10-17T02:03:12.1020628Z git version 2.51.0
build	UNKNOWN STEP	2025-10-17T02:03:12.1043559Z ##[endgroup]
build	UNKNOWN STEP	2025-10-17T02:03:12.1057062Z Temporarily overriding HOME='/home/runner/work/_temp/18a7d633-90ce-46e1-939d-cc0611f956af' before making global git config changes
build	UNKNOWN STEP	2025-10-17T02:03:12.1058994Z Adding repository directory to the temporary git global config as a safe directory
build	UNKNOWN STEP	2025-10-17T02:03:12.1061046Z [command]/usr/bin/git config --global --add safe.directory /home/runner/work/kontrollerakva/kontrollerakva
build	UNKNOWN STEP	2025-10-17T02:03:12.1089458Z Deleting the contents of '/home/runner/work/kontrollerakva/kontrollerakva'
build	UNKNOWN STEP	2025-10-17T02:03:12.1093022Z ##[group]Initializing the repository
build	UNKNOWN STEP	2025-10-17T02:03:12.1095704Z [command]/usr/bin/git init /home/runner/work/kontrollerakva/kontrollerakva
build	UNKNOWN STEP	2025-10-17T02:03:12.1179367Z hint: Using 'master' as the name for the initial branch. This default branch name
build	UNKNOWN STEP	2025-10-17T02:03:12.1181069Z hint: is subject to change. To configure the initial branch name to use in all
build	UNKNOWN STEP	2025-10-17T02:03:12.1183194Z hint: of your new repositories, which will suppress this warning, call:
build	UNKNOWN STEP	2025-10-17T02:03:12.1184753Z hint:
build	UNKNOWN STEP	2025-10-17T02:03:12.1185792Z hint: 	git config --global init.defaultBranch <name>
build	UNKNOWN STEP	2025-10-17T02:03:12.1187397Z hint:
build	UNKNOWN STEP	2025-10-17T02:03:12.1188795Z hint: Names commonly chosen instead of 'master' are 'main', 'trunk' and
build	UNKNOWN STEP	2025-10-17T02:03:12.1190785Z hint: 'development'. The just-created branch can be renamed via this command:
build	UNKNOWN STEP	2025-10-17T02:03:12.1192392Z hint:
build	UNKNOWN STEP	2025-10-17T02:03:12.1193228Z hint: 	git branch -m <name>
build	UNKNOWN STEP	2025-10-17T02:03:12.1194160Z hint:
build	UNKNOWN STEP	2025-10-17T02:03:12.1195345Z hint: Disable this message with "git config set advice.defaultBranchName false"
build	UNKNOWN STEP	2025-10-17T02:03:12.1196694Z Initialized empty Git repository in /home/runner/work/kontrollerakva/kontrollerakva/.git/
build	UNKNOWN STEP	2025-10-17T02:03:12.1198748Z [command]/usr/bin/git remote add origin https://github.com/Dmitry-akva/kontrollerakva
build	UNKNOWN STEP	2025-10-17T02:03:12.1220765Z ##[endgroup]
build	UNKNOWN STEP	2025-10-17T02:03:12.1222331Z ##[group]Disabling automatic garbage collection
build	UNKNOWN STEP	2025-10-17T02:03:12.1223759Z [command]/usr/bin/git config --local gc.auto 0
build	UNKNOWN STEP	2025-10-17T02:03:12.1245621Z ##[endgroup]
build	UNKNOWN STEP	2025-10-17T02:03:12.1247079Z ##[group]Setting up auth
build	UNKNOWN STEP	2025-10-17T02:03:12.1251369Z [command]/usr/bin/git config --local --name-only --get-regexp core\.sshCommand
build	UNKNOWN STEP	2025-10-17T02:03:12.1273411Z [command]/usr/bin/git submodule foreach --recursive sh -c "git config --local --name-only --get-regexp 'core\.sshCommand' && git config --local --unset-all 'core.sshCommand' || :"
build	UNKNOWN STEP	2025-10-17T02:03:12.1525008Z [command]/usr/bin/git config --local --name-only --get-regexp http\.https\:\/\/github\.com\/\.extraheader
build	UNKNOWN STEP	2025-10-17T02:03:12.1545140Z [command]/usr/bin/git submodule foreach --recursive sh -c "git config --local --name-only --get-regexp 'http\.https\:\/\/github\.com\/\.extraheader' && git config --local --unset-all 'http.https://github.com/.extraheader' || :"
build	UNKNOWN STEP	2025-10-17T02:03:12.1707924Z [command]/usr/bin/git config --local http.https://github.com/.extraheader AUTHORIZATION: basic ***
build	UNKNOWN STEP	2025-10-17T02:03:12.1733403Z ##[endgroup]
build	UNKNOWN STEP	2025-10-17T02:03:12.1734386Z ##[group]Fetching the repository
build	UNKNOWN STEP	2025-10-17T02:03:12.1740826Z [command]/usr/bin/git -c protocol.version=2 fetch --no-tags --prune --progress --no-recurse-submodules --depth=1 origin +ac55524b4fa5798a0c1ac9df626f52333d1136ee:refs/remotes/origin/main
build	UNKNOWN STEP	2025-10-17T02:03:12.5461198Z remote: Enumerating objects: 9, done.        
build	UNKNOWN STEP	2025-10-17T02:03:12.5462893Z remote: Counting objects:  11% (1/9)        
build	UNKNOWN STEP	2025-10-17T02:03:12.5464006Z remote: Counting objects:  22% (2/9)        
build	UNKNOWN STEP	2025-10-17T02:03:12.5465033Z remote: Counting objects:  33% (3/9)        
build	UNKNOWN STEP	2025-10-17T02:03:12.5466065Z remote: Counting objects:  44% (4/9)        
build	UNKNOWN STEP	2025-10-17T02:03:12.5467087Z remote: Counting objects:  55% (5/9)        
build	UNKNOWN STEP	2025-10-17T02:03:12.5468345Z remote: Counting objects:  66% (6/9)        
build	UNKNOWN STEP	2025-10-17T02:03:12.5469382Z remote: Counting objects:  77% (7/9)        
build	UNKNOWN STEP	2025-10-17T02:03:12.5470590Z remote: Counting objects:  88% (8/9)        
build	UNKNOWN STEP	2025-10-17T02:03:12.5472068Z remote: Counting objects: 100% (9/9)        
build	UNKNOWN STEP	2025-10-17T02:03:12.5473739Z remote: Counting objects: 100% (9/9), done.        
build	UNKNOWN STEP	2025-10-17T02:03:12.5475453Z remote: Compressing objects:  16% (1/6)        
build	UNKNOWN STEP	2025-10-17T02:03:12.5477256Z remote: Compressing objects:  33% (2/6)        
build	UNKNOWN STEP	2025-10-17T02:03:12.5479142Z remote: Compressing objects:  50% (3/6)        
build	UNKNOWN STEP	2025-10-17T02:03:12.5480866Z remote: Compressing objects:  66% (4/6)        
build	UNKNOWN STEP	2025-10-17T02:03:12.5482619Z remote: Compressing objects:  83% (5/6)        
build	UNKNOWN STEP	2025-10-17T02:03:12.5484371Z remote: Compressing objects: 100% (6/6)        
build	UNKNOWN STEP	2025-10-17T02:03:12.5486293Z remote: Compressing objects: 100% (6/6), done.        
build	UNKNOWN STEP	2025-10-17T02:03:12.5488767Z remote: Total 9 (delta 0), reused 8 (delta 0), pack-reused 0 (from 0)        
build	UNKNOWN STEP	2025-10-17T02:03:12.5532203Z From https://github.com/Dmitry-akva/kontrollerakva
build	UNKNOWN STEP	2025-10-17T02:03:12.5533768Z  * [new ref]         ac55524b4fa5798a0c1ac9df626f52333d1136ee -> origin/main
build	UNKNOWN STEP	2025-10-17T02:03:12.5558476Z ##[endgroup]
build	UNKNOWN STEP	2025-10-17T02:03:12.5560560Z ##[group]Determining the checkout info
build	UNKNOWN STEP	2025-10-17T02:03:12.5562636Z ##[endgroup]
build	UNKNOWN STEP	2025-10-17T02:03:12.5564278Z ##[group]Checking out the ref
build	UNKNOWN STEP	2025-10-17T02:03:12.5566020Z [command]/usr/bin/git checkout --progress --force -B main refs/remotes/origin/main
build	UNKNOWN STEP	2025-10-17T02:03:12.5597903Z Switched to a new branch 'main'
build	UNKNOWN STEP	2025-10-17T02:03:12.5599766Z branch 'main' set up to track 'origin/main'.
build	UNKNOWN STEP	2025-10-17T02:03:12.5604314Z ##[endgroup]
build	UNKNOWN STEP	2025-10-17T02:03:12.5631211Z [command]/usr/bin/git log -1 --format='%H'
build	UNKNOWN STEP	2025-10-17T02:03:12.5648579Z 'ac55524b4fa5798a0c1ac9df626f52333d1136ee'
build	UNKNOWN STEP	2025-10-17T02:03:12.5885142Z ##[group]Run actions/cache@v3
build	UNKNOWN STEP	2025-10-17T02:03:12.5886167Z with:
build	UNKNOWN STEP	2025-10-17T02:03:12.5886926Z   path: ./bin
build	UNKNOWN STEP	2025-10-17T02:03:12.5887975Z   key: arduino-cli-Linux-v1.3.1
build	UNKNOWN STEP	2025-10-17T02:03:12.5889064Z   enableCrossOsArchive: false
build	UNKNOWN STEP	2025-10-17T02:03:12.5890106Z   fail-on-cache-miss: false
build	UNKNOWN STEP	2025-10-17T02:03:12.5891078Z   lookup-only: false
build	UNKNOWN STEP	2025-10-17T02:03:12.5891948Z ##[endgroup]
build	UNKNOWN STEP	2025-10-17T02:03:12.9226200Z Cache not found for input keys: arduino-cli-Linux-v1.3.1
build	UNKNOWN STEP	2025-10-17T02:03:12.9359900Z ##[group]Run curl -fsSL https://downloads.arduino.cc/arduino-cli/arduino-cli_1.3.1_Linux_64bit.tar.gz | tar xz
build	UNKNOWN STEP	2025-10-17T02:03:12.9362904Z [36;1mcurl -fsSL https://downloads.arduino.cc/arduino-cli/arduino-cli_1.3.1_Linux_64bit.tar.gz | tar xz[0m
build	UNKNOWN STEP	2025-10-17T02:03:12.9364810Z [36;1mmv arduino-cli ./bin/arduino-cli[0m
build	UNKNOWN STEP	2025-10-17T02:03:12.9365913Z [36;1mchmod +x ./bin/arduino-cli[0m
build	UNKNOWN STEP	2025-10-17T02:03:12.9366937Z [36;1mmkdir -p ~/.arduino15[0m
build	UNKNOWN STEP	2025-10-17T02:03:12.9391749Z shell: /usr/bin/bash -e {0}
build	UNKNOWN STEP	2025-10-17T02:03:12.9392725Z ##[endgroup]
build	UNKNOWN STEP	2025-10-17T02:03:13.4498458Z mv: cannot move 'arduino-cli' to './bin/arduino-cli': No such file or directory
build	UNKNOWN STEP	2025-10-17T02:03:13.4512370Z ##[error]Process completed with exit code 1.
build	UNKNOWN STEP	2025-10-17T02:03:13.4761503Z Post job cleanup.
build	UNKNOWN STEP	2025-10-17T02:03:13.5413471Z [command]/usr/bin/git version
build	UNKNOWN STEP	2025-10-17T02:03:13.5443166Z git version 2.51.0
build	UNKNOWN STEP	2025-10-17T02:03:13.5480706Z Temporarily overriding HOME='/home/runner/work/_temp/af5c6226-baea-4b5c-9df0-228eec25b824' before making global git config changes
build	UNKNOWN STEP	2025-10-17T02:03:13.5483459Z Adding repository directory to the temporary git global config as a safe directory
build	UNKNOWN STEP	2025-10-17T02:03:13.5485590Z [command]/usr/bin/git config --global --add safe.directory /home/runner/work/kontrollerakva/kontrollerakva
build	UNKNOWN STEP	2025-10-17T02:03:13.5510914Z [command]/usr/bin/git config --local --name-only --get-regexp core\.sshCommand
build	UNKNOWN STEP	2025-10-17T02:03:13.5535571Z [command]/usr/bin/git submodule foreach --recursive sh -c "git config --local --name-only --get-regexp 'core\.sshCommand' && git config --local --unset-all 'core.sshCommand' || :"
build	UNKNOWN STEP	2025-10-17T02:03:13.5705823Z [command]/usr/bin/git config --local --name-only --get-regexp http\.https\:\/\/github\.com\/\.extraheader
build	UNKNOWN STEP	2025-10-17T02:03:13.5721049Z http.https://github.com/.extraheader
build	UNKNOWN STEP	2025-10-17T02:03:13.5730260Z [command]/usr/bin/git config --local --unset-all http.https://github.com/.extraheader
build	UNKNOWN STEP	2025-10-17T02:03:13.5752820Z [command]/usr/bin/git submodule foreach --recursive sh -c "git config --local --name-only --get-regexp 'http\.https\:\/\/github\.com\/\.extraheader' && git config --local --unset-all 'http.https://github.com/.extraheader' || :"
build	UNKNOWN STEP	2025-10-17T02:03:13.6022762Z Cleaning up orphan processes
